
> next-cms-fe@0.1.0 build
> next build

[baseline-browser-mapping] The data in this module is over two months old.  To ensure accurate Baseline data, please update: `npm i baseline-browser-mapping@latest -D`
   ▲ Next.js 16.0.5 (Turbopack)

   Creating an optimized production build ...
[baseline-browser-mapping] The data in this module is over two months old.  To ensure accurate Baseline data, please update: `npm i baseline-browser-mapping@latest -D`
[baseline-browser-mapping] The data in this module is over two months old.  To ensure accurate Baseline data, please update: `npm i baseline-browser-mapping@latest -D`

> Build error occurred
Error: Turbopack build failed with 1 errors:
./src/app/globals.css
Error evaluating Node.js code
Error: It looks like you're trying to use `tailwindcss` directly as a PostCSS plugin. The PostCSS plugin has moved to a separate package, so to continue using Tailwind CSS with PostCSS you'll need to install `@tailwindcss/postcss` and update your PostCSS configuration.
    [at at (D:\Code\OWNER\CMS_BLOG\next-cms-fe\node_modules\tailwindcss\dist\lib.js:38:1629)]
    at turbopack:///[turbopack-node]/transforms/postcss.ts:56:14 [D:\Code\OWNER\CMS_BLOG\next-cms-fe\.next\build\chunks\[root-of-the-server]__51225daf._.js:140:20]
    [at <anonymous>]
    at Module.init (turbopack:///[turbopack-node]/transforms/postcss.ts:43:33) [D:\Code\OWNER\CMS_BLOG\next-cms-fe\.next\build\chunks\[root-of-the-server]__51225daf._.js:130:35]
    at run (turbopack:///[turbopack-node]/ipc/evaluate.ts:77:20) [D:\Code\OWNER\CMS_BLOG\next-cms-fe\.next\build\chunks\[root-of-the-server]__974941ed._.js:429:26]
    [at process.processTicksAndRejections (node:internal/process/task_queues:95:5)]

Import trace:
  Client Component Browser:
    ./src/app/globals.css [Client Component Browser]
    ./src/app/layout.tsx [Server Component]


    at Module.init (turbopack:///[turbopack-node]/transforms/postcss.ts:43:33) [D:\Code\OWNER\CMS_BLOG\next-cms-fe\.next\build\chunks\[root-of-the-server]__51225daf._.js:130:35])
    at run (turbopack:///[turbopack-node]/ipc/evaluate.ts:77:20) [D:\Code\OWNER\CMS_BLOG\next-cms-fe\.next\build\chunks\[root-of-the-server]__974941ed._.js:429:26])
