src/features/posts/components/post-form.tsx(23,14): error TS1109: Expression expected.
